
> idea-analyzer@0.0.0 prebuild
> npm run validate-architecture


> idea-analyzer@0.0.0 validate-architecture
> node scripts/validate-architecture.js


> idea-analyzer@0.0.0 build
> next build

  Ôû▓ Next.js 14.2.33
  - Environments: .env.local

   Creating an optimized production build ...
 Ô£ô Compiled successfully
   Linting and checking validity of types ...

./app/actions/analysis.ts
81:77  Warning: Unexpected any. Specify a different type.  @typescript-eslint/no-explicit-any
157:77  Warning: Unexpected any. Specify a different type.  @typescript-eslint/no-explicit-any
232:74  Warning: Unexpected any. Specify a different type.  @typescript-eslint/no-explicit-any

./app/actions/dashboard.ts
56:76  Warning: Unexpected any. Specify a different type.  @typescript-eslint/no-explicit-any
121:79  Warning: Unexpected any. Specify a different type.  @typescript-eslint/no-explicit-any

./app/actions/hackathon.ts
73:87  Warning: Unexpected any. Specify a different type.  @typescript-eslint/no-explicit-any
151:82  Warning: Unexpected any. Specify a different type.  @typescript-eslint/no-explicit-any
215:79  Warning: Unexpected any. Specify a different type.  @typescript-eslint/no-explicit-any

./src/application/services/__tests__/AuthenticationService.test.ts
15:6  Warning: Unexpected any. Specify a different type.  @typescript-eslint/no-explicit-any

./src/domain/services/__tests__/AnalysisValidationService.test.ts
4:10  Warning: 'AnalysisId' is defined but never used. Allowed unused vars must match /^_/u.  @typescript-eslint/no-unused-vars
8:10  Warning: 'Category' is defined but never used. Allowed unused vars must match /^_/u.  @typescript-eslint/no-unused-vars

./src/domain/services/__tests__/HackathonAnalysisService.test.ts
4:10  Warning: 'AnalysisId' is defined but never used. Allowed unused vars must match /^_/u.  @typescript-eslint/no-unused-vars

./src/domain/services/__tests__/ScoreCalculationService.test.ts
4:10  Warning: 'AnalysisId' is defined but never used. Allowed unused vars must match /^_/u.  @typescript-eslint/no-unused-vars

./src/domain/value-objects/__tests__/Email.test.ts
40:41  Warning: Unexpected any. Specify a different type.  @typescript-eslint/no-explicit-any
44:46  Warning: Unexpected any. Specify a different type.  @typescript-eslint/no-explicit-any

./src/domain/value-objects/__tests__/Locale.test.ts
31:42  Warning: Unexpected any. Specify a different type.  @typescript-eslint/no-explicit-any
35:47  Warning: Unexpected any. Specify a different type.  @typescript-eslint/no-explicit-any

./src/domain/value-objects/__tests__/Score.test.ts
39:41  Warning: Unexpected any. Specify a different type.  @typescript-eslint/no-explicit-any

./src/infrastructure/database/supabase/mappers/AnalysisMapper.ts
42:33  Warning: Unexpected any. Specify a different type.  @typescript-eslint/no-explicit-any

./src/infrastructure/database/supabase/mappers/HackathonAnalysisMapper.ts
51:46  Warning: Unexpected any. Specify a different type.  @typescript-eslint/no-explicit-any
53:33  Warning: Unexpected any. Specify a different type.  @typescript-eslint/no-explicit-any
65:42  Warning: Unexpected any. Specify a different type.  @typescript-eslint/no-explicit-any
320:42  Warning: Unexpected any. Specify a different type.  @typescript-eslint/no-explicit-any

./src/infrastructure/database/supabase/mappers/__tests__/AnalysisMapper.test.ts
4:10  Warning: 'AnalysisId' is defined but never used. Allowed unused vars must match /^_/u.  @typescript-eslint/no-unused-vars
287:12  Warning: Unexpected any. Specify a different type.  @typescript-eslint/no-explicit-any

./src/infrastructure/database/supabase/repositories/SupabaseAnalysisRepository.ts
11:10  Warning: 'DatabaseError' is defined but never used. Allowed unused vars must match /^_/u.  @typescript-eslint/no-unused-vars

./src/infrastructure/database/supabase/repositories/SupabaseUserRepository.ts
11:10  Warning: 'DatabaseError' is defined but never used. Allowed unused vars must match /^_/u.  @typescript-eslint/no-unused-vars
45:54  Warning: Unexpected any. Specify a different type.  @typescript-eslint/no-explicit-any
71:56  Warning: Unexpected any. Specify a different type.  @typescript-eslint/no-explicit-any
188:70  Warning: Unexpected any. Specify a different type.  @typescript-eslint/no-explicit-any
231:49  Warning: Unexpected any. Specify a different type.  @typescript-eslint/no-explicit-any
289:65  Warning: Unexpected any. Specify a different type.  @typescript-eslint/no-explicit-any
311:65  Warning: Unexpected any. Specify a different type.  @typescript-eslint/no-explicit-any
335:65  Warning: Unexpected any. Specify a different type.  @typescript-eslint/no-explicit-any
367:65  Warning: Unexpected any. Specify a different type.  @typescript-eslint/no-explicit-any
443:65  Warning: Unexpected any. Specify a different type.  @typescript-eslint/no-explicit-any
495:65  Warning: Unexpected any. Specify a different type.  @typescript-eslint/no-explicit-any
530:33  Warning: Unexpected any. Specify a different type.  @typescript-eslint/no-explicit-any
530:47  Warning: Unexpected any. Specify a different type.  @typescript-eslint/no-explicit-any

./src/infrastructure/database/supabase/repositories/__tests__/SupabaseAnalysisRepository.test.ts
6:45  Warning: 'RecordNotFoundError' is defined but never used. Allowed unused vars must match /^_/u.  @typescript-eslint/no-unused-vars

./src/infrastructure/database/supabase/SupabaseClient.ts
11:34  Warning: Unexpected any. Specify a different type.  @typescript-eslint/no-explicit-any
12:35  Warning: Unexpected any. Specify a different type.  @typescript-eslint/no-explicit-any
17:29  Warning: Unexpected any. Specify a different type.  @typescript-eslint/no-explicit-any
21:13  Warning: Unexpected any. Specify a different type.  @typescript-eslint/no-explicit-any

./src/infrastructure/factories/ServiceFactory.ts
277:70  Warning: Unexpected any. Specify a different type.  @typescript-eslint/no-explicit-any

./src/infrastructure/factories/UseCaseFactory.ts
135:36  Warning: Unexpected any. Specify a different type.  @typescript-eslint/no-explicit-any
136:15  Warning: Unexpected any. Specify a different type.  @typescript-eslint/no-explicit-any
153:36  Warning: Unexpected any. Specify a different type.  @typescript-eslint/no-explicit-any
154:15  Warning: Unexpected any. Specify a different type.  @typescript-eslint/no-explicit-any
202:36  Warning: Unexpected any. Specify a different type.  @typescript-eslint/no-explicit-any

./src/infrastructure/integration/SupabaseAdapter.ts
11:34  Warning: Unexpected any. Specify a different type.  @typescript-eslint/no-explicit-any
12:34  Warning: Unexpected any. Specify a different type.  @typescript-eslint/no-explicit-any
38:56  Warning: Unexpected any. Specify a different type.  @typescript-eslint/no-explicit-any
45:45  Warning: Unexpected any. Specify a different type.  @typescript-eslint/no-explicit-any

./src/infrastructure/web/controllers/__tests__/AnalysisController.test.ts
33:6  Warning: Unexpected any. Specify a different type.  @typescript-eslint/no-explicit-any
37:6  Warning: Unexpected any. Specify a different type.  @typescript-eslint/no-explicit-any
41:6  Warning: Unexpected any. Specify a different type.  @typescript-eslint/no-explicit-any
45:6  Warning: Unexpected any. Specify a different type.  @typescript-eslint/no-explicit-any
49:6  Warning: Unexpected any. Specify a different type.  @typescript-eslint/no-explicit-any
53:6  Warning: Unexpected any. Specify a different type.  @typescript-eslint/no-explicit-any
58:9  Warning: 'mockAuthService' is assigned a value but never used. Allowed unused vars must match /^_/u.  @typescript-eslint/no-unused-vars
65:29  Warning: Unexpected any. Specify a different type.  @typescript-eslint/no-explicit-any
157:31  Warning: Unexpected any. Specify a different type.  @typescript-eslint/no-explicit-any
250:31  Warning: Unexpected any. Specify a different type.  @typescript-eslint/no-explicit-any

./src/infrastructure/web/__tests__/api-integration.test.ts
1:32  Warning: 'beforeEach' is defined but never used. Allowed unused vars must match /^_/u.  @typescript-eslint/no-unused-vars
1:44  Warning: 'vi' is defined but never used. Allowed unused vars must match /^_/u.  @typescript-eslint/no-unused-vars
2:10  Warning: 'NextRequest' is defined but never used. Allowed unused vars must match /^_/u.  @typescript-eslint/no-unused-vars
9:9  Warning: 'baseUrl' is assigned a value but never used. Allowed unused vars must match /^_/u.  @typescript-eslint/no-unused-vars
93:13  Warning: 'invalidRequest' is assigned a value but never used. Allowed unused vars must match /^_/u.  @typescript-eslint/no-unused-vars
229:13  Warning: 'incompleteRequest' is assigned a value but never used. Allowed unused vars must match /^_/u.  @typescript-eslint/no-unused-vars

info  - Need to disable some ESLint rules? Learn more here: https://nextjs.org/docs/basic-features/eslint#disabling-rules
node.exe : Failed to compile.
En C:\Program Files\nodejs\npm.ps1: 29 Carácter: 3
+   & $NODE_EXE $NPM_CLI_JS $args
+   ~~~~~~~~~~~~~~~~~~~~~~~~~~~~~
    + CategoryInfo          : NotSpecified: (Failed to compile.:String) [], RemoteException
    + FullyQualifiedErrorId : NativeCommandError
 

./features/auth/context/AuthContext.tsx:221:10
Type error: No overload matches this call.
  Overload 1 of 2, '(values: never, options?: { onConflict?: string | undefined; ignoreDuplicates?: boolean | undefined; 
count?: "exact" | "planned" | "estimated" | undefined; } | undefined): PostgrestFilterBuilder<{ ...; }, ... 5 more ..., 
"POST">', gave the following error.
    Argument of type '{ id: string; }' is not assignable to parameter of type 'never'.
  Overload 2 of 2, '(values: never[], options?: { onConflict?: string | undefined; ignoreDuplicates?: boolean | 
undefined; count?: "exact" | "planned" | "estimated" | undefined; defaultToNull?: boolean | undefined; } | undefined): 
PostgrestFilterBuilder<...>', gave the following error.
    Object literal may only specify known properties, and 'id' does not exist in type 'never[]'.

[0m [90m 219 |[39m       [36mconst[39m { error } [33m=[39m [36mawait[39m supabaseClient[0m
[0m [90m 220 |[39m         [33m.[39m[36mfrom[39m([32m"profiles"[39m)[0m
[0m[31m[1m>[22m[39m[90m 221 |[39m         [33m.[39mupsert({ id[33m:[39m session[33m.[39muser[33m.[39mid 
})[33m;[39m[0m
[0m [90m     |[39m          [31m[1m^[22m[39m[0m
[0m [90m 222 |[39m       [36mif[39m (error) {[0m
[0m [90m 223 |[39m         console[33m.[39merror([32m"Failed to upsert profile"[39m[33m,[39m 
error)[33m;[39m[0m
[0m [90m 224 |[39m         [36mreturn[39m[33m;[39m[0m
Next.js build worker exited with code: 1 and signal: null
